Archive member included to satisfy reference by file (symbol)

C:/Programs/STM32CubeMX/arm-gnu-toolchain-13.3.rel1-mingw-w64-i686-arm-none-eabi/bin/../lib/gcc/arm-none-eabi/13.3.1/thumb/v7-m/nofp\libg.a(libc_a-exit.o)
                              C:/Programs/STM32CubeMX/arm-gnu-toolchain-13.3.rel1-mingw-w64-i686-arm-none-eabi/bin/../lib/gcc/arm-none-eabi/13.3.1/thumb/v7-m/nofp/crt0.o (exit)
C:/Programs/STM32CubeMX/arm-gnu-toolchain-13.3.rel1-mingw-w64-i686-arm-none-eabi/bin/../lib/gcc/arm-none-eabi/13.3.1/thumb/v7-m/nofp\libg.a(libc_a-findfp.o)
                              C:/Programs/STM32CubeMX/arm-gnu-toolchain-13.3.rel1-mingw-w64-i686-arm-none-eabi/bin/../lib/gcc/arm-none-eabi/13.3.1/thumb/v7-m/nofp\libg.a(libc_a-exit.o) (__stdio_exit_handler)
C:/Programs/STM32CubeMX/arm-gnu-toolchain-13.3.rel1-mingw-w64-i686-arm-none-eabi/bin/../lib/gcc/arm-none-eabi/13.3.1/thumb/v7-m/nofp\libg.a(libc_a-fwalk.o)
                              C:/Programs/STM32CubeMX/arm-gnu-toolchain-13.3.rel1-mingw-w64-i686-arm-none-eabi/bin/../lib/gcc/arm-none-eabi/13.3.1/thumb/v7-m/nofp\libg.a(libc_a-findfp.o) (_fwalk_sglue)
C:/Programs/STM32CubeMX/arm-gnu-toolchain-13.3.rel1-mingw-w64-i686-arm-none-eabi/bin/../lib/gcc/arm-none-eabi/13.3.1/thumb/v7-m/nofp\libg.a(libc_a-stdio.o)
                              C:/Programs/STM32CubeMX/arm-gnu-toolchain-13.3.rel1-mingw-w64-i686-arm-none-eabi/bin/../lib/gcc/arm-none-eabi/13.3.1/thumb/v7-m/nofp\libg.a(libc_a-findfp.o) (__sread)
C:/Programs/STM32CubeMX/arm-gnu-toolchain-13.3.rel1-mingw-w64-i686-arm-none-eabi/bin/../lib/gcc/arm-none-eabi/13.3.1/thumb/v7-m/nofp\libg.a(libc_a-memset.o)
                              C:/Programs/STM32CubeMX/arm-gnu-toolchain-13.3.rel1-mingw-w64-i686-arm-none-eabi/bin/../lib/gcc/arm-none-eabi/13.3.1/thumb/v7-m/nofp/crt0.o (memset)
C:/Programs/STM32CubeMX/arm-gnu-toolchain-13.3.rel1-mingw-w64-i686-arm-none-eabi/bin/../lib/gcc/arm-none-eabi/13.3.1/thumb/v7-m/nofp\libg.a(libc_a-closer.o)
                              C:/Programs/STM32CubeMX/arm-gnu-toolchain-13.3.rel1-mingw-w64-i686-arm-none-eabi/bin/../lib/gcc/arm-none-eabi/13.3.1/thumb/v7-m/nofp\libg.a(libc_a-stdio.o) (_close_r)
C:/Programs/STM32CubeMX/arm-gnu-toolchain-13.3.rel1-mingw-w64-i686-arm-none-eabi/bin/../lib/gcc/arm-none-eabi/13.3.1/thumb/v7-m/nofp\libg.a(libc_a-reent.o)
                              C:/Programs/STM32CubeMX/arm-gnu-toolchain-13.3.rel1-mingw-w64-i686-arm-none-eabi/bin/../lib/gcc/arm-none-eabi/13.3.1/thumb/v7-m/nofp\libg.a(libc_a-closer.o) (errno)
C:/Programs/STM32CubeMX/arm-gnu-toolchain-13.3.rel1-mingw-w64-i686-arm-none-eabi/bin/../lib/gcc/arm-none-eabi/13.3.1/thumb/v7-m/nofp\libg.a(libc_a-impure.o)
                              C:/Programs/STM32CubeMX/arm-gnu-toolchain-13.3.rel1-mingw-w64-i686-arm-none-eabi/bin/../lib/gcc/arm-none-eabi/13.3.1/thumb/v7-m/nofp\libg.a(libc_a-reent.o) (_impure_ptr)
C:/Programs/STM32CubeMX/arm-gnu-toolchain-13.3.rel1-mingw-w64-i686-arm-none-eabi/bin/../lib/gcc/arm-none-eabi/13.3.1/thumb/v7-m/nofp\libg.a(libc_a-lseekr.o)
                              C:/Programs/STM32CubeMX/arm-gnu-toolchain-13.3.rel1-mingw-w64-i686-arm-none-eabi/bin/../lib/gcc/arm-none-eabi/13.3.1/thumb/v7-m/nofp\libg.a(libc_a-stdio.o) (_lseek_r)
C:/Programs/STM32CubeMX/arm-gnu-toolchain-13.3.rel1-mingw-w64-i686-arm-none-eabi/bin/../lib/gcc/arm-none-eabi/13.3.1/thumb/v7-m/nofp\libg.a(libc_a-readr.o)
                              C:/Programs/STM32CubeMX/arm-gnu-toolchain-13.3.rel1-mingw-w64-i686-arm-none-eabi/bin/../lib/gcc/arm-none-eabi/13.3.1/thumb/v7-m/nofp\libg.a(libc_a-stdio.o) (_read_r)
C:/Programs/STM32CubeMX/arm-gnu-toolchain-13.3.rel1-mingw-w64-i686-arm-none-eabi/bin/../lib/gcc/arm-none-eabi/13.3.1/thumb/v7-m/nofp\libg.a(libc_a-writer.o)
                              C:/Programs/STM32CubeMX/arm-gnu-toolchain-13.3.rel1-mingw-w64-i686-arm-none-eabi/bin/../lib/gcc/arm-none-eabi/13.3.1/thumb/v7-m/nofp\libg.a(libc_a-stdio.o) (_write_r)
C:/Programs/STM32CubeMX/arm-gnu-toolchain-13.3.rel1-mingw-w64-i686-arm-none-eabi/bin/../lib/gcc/arm-none-eabi/13.3.1/thumb/v7-m/nofp\libg.a(libc_a-errno.o)
                              CMakeFiles/HzMF_FOC_F103_MT6701.elf.dir/Core/Src/syscalls.c.obj (__errno)
C:/Programs/STM32CubeMX/arm-gnu-toolchain-13.3.rel1-mingw-w64-i686-arm-none-eabi/bin/../lib/gcc/arm-none-eabi/13.3.1/thumb/v7-m/nofp\libg.a(libc_a-init.o)
                              C:/Programs/STM32CubeMX/arm-gnu-toolchain-13.3.rel1-mingw-w64-i686-arm-none-eabi/bin/../lib/gcc/arm-none-eabi/13.3.1/thumb/v7-m/nofp/crt0.o (__libc_init_array)
C:/Programs/STM32CubeMX/arm-gnu-toolchain-13.3.rel1-mingw-w64-i686-arm-none-eabi/bin/../lib/gcc/arm-none-eabi/13.3.1/thumb/v7-m/nofp\libg.a(libc_a-lock.o)
                              C:/Programs/STM32CubeMX/arm-gnu-toolchain-13.3.rel1-mingw-w64-i686-arm-none-eabi/bin/../lib/gcc/arm-none-eabi/13.3.1/thumb/v7-m/nofp\libg.a(libc_a-findfp.o) (__retarget_lock_init_recursive)
[...]
Memory Configuration

Name             Origin             Length             Attributes
RAM              0x20000000         0x00005000         xrw
FLASH            0x08000000         0x00020000         xr
*default*        0x00000000         0xffffffff

Linker script and memory map

LOAD C:/Programs/STM32CubeMX/arm-gnu-toolchain-13.3.rel1-mingw-w64-i686-arm-none-eabi/bin/../lib/gcc/arm-none-eabi/13.3.1/thumb/v7-m/nofp/crti.o
LOAD C:/Programs/STM32CubeMX/arm-gnu-toolchain-13.3.rel1-mingw-w64-i686-arm-none-eabi/bin/../lib/gcc/arm-none-eabi/13.3.1/thumb/v7-m/nofp/crtbegin.o
LOAD C:/Programs/STM32CubeMX/arm-gnu-toolchain-13.3.rel1-mingw-w64-i686-arm-none-eabi/bin/../lib/gcc/arm-none-eabi/13.3.1/thumb/v7-m/nofp/crt0.o
LOAD CMakeFiles/HzMF_FOC_F103_MT6701.elf.dir/Core/Src/can.c.obj
LOAD CMakeFiles/HzMF_FOC_F103_MT6701.elf.dir/Core/Src/gpio.c.obj
LOAD CMakeFiles/HzMF_FOC_F103_MT6701.elf.dir/Core/Src/i2c.c.obj
LOAD CMakeFiles/HzMF_FOC_F103_MT6701.elf.dir/Core/Src/main.c.obj
LOAD CMakeFiles/HzMF_FOC_F103_MT6701.elf.dir/Core/Src/spi.c.obj
LOAD CMakeFiles/HzMF_FOC_F103_MT6701.elf.dir/Core/Src/stm32f1xx_hal_msp.c.obj
LOAD CMakeFiles/HzMF_FOC_F103_MT6701.elf.dir/Core/Src/stm32f1xx_it.c.obj
LOAD CMakeFiles/HzMF_FOC_F103_MT6701.elf.dir/Core/Src/syscalls.c.obj
LOAD CMakeFiles/HzMF_FOC_F103_MT6701.elf.dir/Core/Src/sysmem.c.obj
LOAD CMakeFiles/HzMF_FOC_F103_MT6701.elf.dir/Core/Src/system_stm32f1xx.c.obj
LOAD CMakeFiles/HzMF_FOC_F103_MT6701.elf.dir/Core/Startup/startup_stm32f103cbtx.s.obj
LOAD CMakeFiles/HzMF_FOC_F103_MT6701.elf.dir/Drivers/STM32F1xx_HAL_Driver/Src/stm32f1xx_hal.c.obj
LOAD CMakeFiles/HzMF_FOC_F103_MT6701.elf.dir/Drivers/STM32F1xx_HAL_Driver/Src/stm32f1xx_hal_can.c.obj
LOAD CMakeFiles/HzMF_FOC_F103_MT6701.elf.dir/Drivers/STM32F1xx_HAL_Driver/Src/stm32f1xx_hal_cortex.c.obj
LOAD CMakeFiles/HzMF_FOC_F103_MT6701.elf.dir/Drivers/STM32F1xx_HAL_Driver/Src/stm32f1xx_hal_dma.c.obj
LOAD CMakeFiles/HzMF_FOC_F103_MT6701.elf.dir/Drivers/STM32F1xx_HAL_Driver/Src/stm32f1xx_hal_exti.c.obj
LOAD CMakeFiles/HzMF_FOC_F103_MT6701.elf.dir/Drivers/STM32F1xx_HAL_Driver/Src/stm32f1xx_hal_flash.c.obj
LOAD CMakeFiles/HzMF_FOC_F103_MT6701.elf.dir/Drivers/STM32F1xx_HAL_Driver/Src/stm32f1xx_hal_flash_ex.c.obj
LOAD CMakeFiles/HzMF_FOC_F103_MT6701.elf.dir/Drivers/STM32F1xx_HAL_Driver/Src/stm32f1xx_hal_gpio.c.obj
LOAD CMakeFiles/HzMF_FOC_F103_MT6701.elf.dir/Drivers/STM32F1xx_HAL_Driver/Src/stm32f1xx_hal_gpio_ex.c.obj
LOAD CMakeFiles/HzMF_FOC_F103_MT6701.elf.dir/Drivers/STM32F1xx_HAL_Driver/Src/stm32f1xx_hal_i2c.c.obj
LOAD CMakeFiles/HzMF_FOC_F103_MT6701.elf.dir/Drivers/STM32F1xx_HAL_Driver/Src/stm32f1xx_hal_pwr.c.obj
LOAD CMakeFiles/HzMF_FOC_F103_MT6701.elf.dir/Drivers/STM32F1xx_HAL_Driver/Src/stm32f1xx_hal_rcc.c.obj
LOAD CMakeFiles/HzMF_FOC_F103_MT6701.elf.dir/Drivers/STM32F1xx_HAL_Driver/Src/stm32f1xx_hal_rcc_ex.c.obj
LOAD CMakeFiles/HzMF_FOC_F103_MT6701.elf.dir/Drivers/STM32F1xx_HAL_Driver/Src/stm32f1xx_hal_spi.c.obj
LOAD CMakeFiles/HzMF_FOC_F103_MT6701.elf.dir/Drivers/STM32F1xx_HAL_Driver/Src/stm32f1xx_hal_tim.c.obj
LOAD CMakeFiles/HzMF_FOC_F103_MT6701.elf.dir/Drivers/STM32F1xx_HAL_Driver/Src/stm32f1xx_hal_tim_ex.c.obj
START GROUP
LOAD C:/Programs/STM32CubeMX/arm-gnu-toolchain-13.3.rel1-mingw-w64-i686-arm-none-eabi/bin/../lib/gcc/arm-none-eabi/13.3.1/thumb/v7-m/nofp\libgcc.a
LOAD C:/Programs/STM32CubeMX/arm-gnu-toolchain-13.3.rel1-mingw-w64-i686-arm-none-eabi/bin/../lib/gcc/arm-none-eabi/13.3.1/thumb/v7-m/nofp\libg.a
LOAD C:/Programs/STM32CubeMX/arm-gnu-toolchain-13.3.rel1-mingw-w64-i686-arm-none-eabi/bin/../lib/gcc/arm-none-eabi/13.3.1/thumb/v7-m/nofp\libc.a
END GROUP
LOAD C:/Programs/STM32CubeMX/arm-gnu-toolchain-13.3.rel1-mingw-w64-i686-arm-none-eabi/bin/../lib/gcc/arm-none-eabi/13.3.1/thumb/v7-m/nofp/crtend.o
LOAD C:/Programs/STM32CubeMX/arm-gnu-toolchain-13.3.rel1-mingw-w64-i686-arm-none-eabi/bin/../lib/gcc/arm-none-eabi/13.3.1/thumb/v7-m/nofp/crtn.o
                0x20005000                        _estack = (ORIGIN (RAM) + LENGTH (RAM))
                0x00000200                        _Min_Heap_Size = 0x200
                0x00000400                        _Min_Stack_Size = 0x400

.isr_vector     0x08000000      0x10c
                0x08000000                        . = ALIGN (0x4)
 *(.isr_vector)
 .isr_vector    0x08000000      0x10c CMakeFiles/HzMF_FOC_F103_MT6701.elf.dir/Core/Startup/startup_stm32f103cbtx.s.obj
                0x08000000                g_pfnVectors
                0x0800010c                        . = ALIGN (0x4)

.text           0x0800010c     0x1390
                0x0800010c                        . = ALIGN (0x4)
 *(.text)
 *(.text*)
 .text.deregister_tm_clones
                0x0800010c       0x1c C:/Programs/STM32CubeMX/arm-gnu-toolchain-13.3.rel1-mingw-w64-i686-arm-none-eabi/bin/../lib/gcc/arm-none-eabi/13.3.1/thumb/v7-m/nofp/crtbegin.o
 .text.register_tm_clones
                0x08000128       0x24 C:/Programs/STM32CubeMX/arm-gnu-toolchain-13.3.rel1-mingw-w64-i686-arm-none-eabi/bin/../lib/gcc/arm-none-eabi/13.3.1/thumb/v7-m/nofp/crtbegin.o
 .text.__do_global_dtors_aux
                0x0800014c       0x28 C:/Programs/STM32CubeMX/arm-gnu-toolchain-13.3.rel1-mingw-w64-i686-arm-none-eabi/bin/../lib/gcc/arm-none-eabi/13.3.1/thumb/v7-m/nofp/crtbegin.o
 .text.frame_dummy
                0x08000174       0x24 C:/Programs/STM32CubeMX/arm-gnu-toolchain-13.3.rel1-mingw-w64-i686-arm-none-eabi/bin/../lib/gcc/arm-none-eabi/13.3.1/thumb/v7-m/nofp/crtbegin.o
 .text.MX_CAN_Init
                0x08000198       0x38 CMakeFiles/HzMF_FOC_F103_MT6701.elf.dir/Core/Src/can.c.obj
                0x08000198                MX_CAN_Init
 .text.HAL_CAN_MspInit
                0x080001d0       0x88 CMakeFiles/HzMF_FOC_F103_MT6701.elf.dir/Core/Src/can.c.obj
                0x080001d0                HAL_CAN_MspInit
 .text.MX_GPIO_Init
                0x08000258       0x78 CMakeFiles/HzMF_FOC_F103_MT6701.elf.dir/Core/Src/gpio.c.obj
                0x08000258                MX_GPIO_Init
 .text.MX_I2C1_Init
                0x080002d0       0x3c CMakeFiles/HzMF_FOC_F103_MT6701.elf.dir/Core/Src/i2c.c.obj
                0x080002d0                MX_I2C1_Init
 .text.HAL_I2C_MspInit
                0x0800030c       0x64 CMakeFiles/HzMF_FOC_F103_MT6701.elf.dir/Core/Src/i2c.c.obj
                0x0800030c                HAL_I2C_MspInit
 .text.Error_Handler
                0x08000370        0x4 CMakeFiles/HzMF_FOC_F103_MT6701.elf.dir/Core/Src/main.c.obj
                0x08000370                Error_Handler
 .text.SystemClock_Config
                0x08000374       0x64 CMakeFiles/HzMF_FOC_F103_MT6701.elf.dir/Core/Src/main.c.obj
                0x08000374                SystemClock_Config
 .text.main     0x080003d8       0x1c CMakeFiles/HzMF_FOC_F103_MT6701.elf.dir/Core/Src/main.c.obj
                0x080003d8                main
 .text.MX_SPI1_Init
                0x080003f4       0x3c CMakeFiles/HzMF_FOC_F103_MT6701.elf.dir/Core/Src/spi.c.obj
                0x080003f4                MX_SPI1_Init
 .text.HAL_SPI_MspInit
                0x08000430       0x70 CMakeFiles/HzMF_FOC_F103_MT6701.elf.dir/Core/Src/spi.c.obj
                0x08000430                HAL_SPI_MspInit
 .text.HAL_MspInit
                0x080004a0       0x44 CMakeFiles/HzMF_FOC_F103_MT6701.elf.dir/Core/Src/stm32f1xx_hal_msp.c.obj
                0x080004a0                HAL_MspInit
 .text.NMI_Handler
                0x080004e4        0x2 CMakeFiles/HzMF_FOC_F103_MT6701.elf.dir/Core/Src/stm32f1xx_it.c.obj
                0x080004e4                NMI_Handler
 .text.HardFault_Handler
                0x080004e6        0x2 CMakeFiles/HzMF_FOC_F103_MT6701.elf.dir/Core/Src/stm32f1xx_it.c.obj
                0x080004e6                HardFault_Handler
 .text.MemManage_Handler
                0x080004e8        0x2 CMakeFiles/HzMF_FOC_F103_MT6701.elf.dir/Core/Src/stm32f1xx_it.c.obj
                0x080004e8                MemManage_Handler
 .text.BusFault_Handler
                0x080004ea        0x2 CMakeFiles/HzMF_FOC_F103_MT6701.elf.dir/Core/Src/stm32f1xx_it.c.obj
                0x080004ea                BusFault_Handler
 .text.UsageFault_Handler
                0x080004ec        0x2 CMakeFiles/HzMF_FOC_F103_MT6701.elf.dir/Core/Src/stm32f1xx_it.c.obj
                0x080004ec                UsageFault_Handler
 .text.SVC_Handler
                0x080004ee        0x2 CMakeFiles/HzMF_FOC_F103_MT6701.elf.dir/Core/Src/stm32f1xx_it.c.obj
                0x080004ee                SVC_Handler
 .text.DebugMon_Handler
                0x080004f0        0x2 CMakeFiles/HzMF_FOC_F103_MT6701.elf.dir/Core/Src/stm32f1xx_it.c.obj
                0x080004f0                DebugMon_Handler
 .text.PendSV_Handler
                0x080004f2        0x2 CMakeFiles/HzMF_FOC_F103_MT6701.elf.dir/Core/Src/stm32f1xx_it.c.obj
                0x080004f2                PendSV_Handler
 .text.SysTick_Handler
                0x080004f4        0x8 CMakeFiles/HzMF_FOC_F103_MT6701.elf.dir/Core/Src/stm32f1xx_it.c.obj
                0x080004f4                SysTick_Handler
 .text.SystemInit
                0x080004fc        0x2 CMakeFiles/HzMF_FOC_F103_MT6701.elf.dir/Core/Src/system_stm32f1xx.c.obj
                0x080004fc                SystemInit
 *fill*         0x080004fe        0x2 
 .text.Reset_Handler
                0x08000500       0x48 CMakeFiles/HzMF_FOC_F103_MT6701.elf.dir/Core/Startup/startup_stm32f103cbtx.s.obj
                0x08000500                Reset_Handler
 .text.Default_Handler
                0x08000548        0x2 CMakeFiles/HzMF_FOC_F103_MT6701.elf.dir/Core/Startup/startup_stm32f103cbtx.s.obj
                0x08000548                RTC_Alarm_IRQHandler
                0x08000548                EXTI2_IRQHandler
                0x08000548                TIM1_CC_IRQHandler
                0x08000548                PVD_IRQHandler
                0x08000548                EXTI3_IRQHandler
                0x08000548                EXTI0_IRQHandler
                0x08000548                I2C2_EV_IRQHandler
                0x08000548                ADC1_2_IRQHandler
                0x08000548                SPI1_IRQHandler
                0x08000548                TAMPER_IRQHandler
                0x08000548                DMA1_Channel4_IRQHandler
                0x08000548                USART3_IRQHandler
                0x08000548                RTC_IRQHandler
                0x08000548                DMA1_Channel7_IRQHandler
                0x08000548                CAN1_RX1_IRQHandler
                0x08000548                TIM4_IRQHandler
                0x08000548                I2C1_EV_IRQHandler
                0x08000548                DMA1_Channel6_IRQHandler
                0x08000548                TIM3_IRQHandler
                0x08000548                RCC_IRQHandler
                0x08000548                TIM1_TRG_COM_IRQHandler
                0x08000548                DMA1_Channel1_IRQHandler
                0x08000548                Default_Handler
                0x08000548                EXTI15_10_IRQHandler
                0x08000548                EXTI9_5_IRQHandler
                0x08000548                SPI2_IRQHandler
                0x08000548                DMA1_Channel5_IRQHandler
                0x08000548                EXTI4_IRQHandler
                0x08000548                USB_LP_CAN1_RX0_IRQHandler
                0x08000548                USB_HP_CAN1_TX_IRQHandler
                0x08000548                DMA1_Channel3_IRQHandler
                0x08000548                TIM1_UP_IRQHandler
                0x08000548                WWDG_IRQHandler
                0x08000548                TIM2_IRQHandler
                0x08000548                TIM1_BRK_IRQHandler
                0x08000548                EXTI1_IRQHandler
                0x08000548                USART2_IRQHandler
                0x08000548                I2C2_ER_IRQHandler
                0x08000548                DMA1_Channel2_IRQHandler
                0x08000548                CAN1_SCE_IRQHandler
                0x08000548                FLASH_IRQHandler
                0x08000548                USART1_IRQHandler
                0x08000548                I2C1_ER_IRQHandler
                0x08000548                USBWakeUp_IRQHandler
 *fill*         0x0800054a        0x2 
 .text.HAL_InitTick
                0x0800054c       0x4c CMakeFiles/HzMF_FOC_F103_MT6701.elf.dir/Drivers/STM32F1xx_HAL_Driver/Src/stm32f1xx_hal.c.obj
                0x0800054c                HAL_InitTick
 .text.HAL_Init
                0x08000598       0x24 CMakeFiles/HzMF_FOC_F103_MT6701.elf.dir/Drivers/STM32F1xx_HAL_Driver/Src/stm32f1xx_hal.c.obj
                0x08000598                HAL_Init
 .text.HAL_IncTick
                0x080005bc       0x18 CMakeFiles/HzMF_FOC_F103_MT6701.elf.dir/Drivers/STM32F1xx_HAL_Driver/Src/stm32f1xx_hal.c.obj
                0x080005bc                HAL_IncTick
 .text.HAL_GetTick
                0x080005d4        0xc CMakeFiles/HzMF_FOC_F103_MT6701.elf.dir/Drivers/STM32F1xx_HAL_Driver/Src/stm32f1xx_hal.c.obj
                0x080005d4                HAL_GetTick
 .text.HAL_CAN_Init
                0x080005e0      0x14c CMakeFiles/HzMF_FOC_F103_MT6701.elf.dir/Drivers/STM32F1xx_HAL_Driver/Src/stm32f1xx_hal_can.c.obj
                0x080005e0                HAL_CAN_Init
 .text.__NVIC_SetPriority
                0x0800072c       0x28 CMakeFiles/HzMF_FOC_F103_MT6701.elf.dir/Drivers/STM32F1xx_HAL_Driver/Src/stm32f1xx_hal_cortex.c.obj
 .text.NVIC_EncodePriority
                0x08000754       0x3e CMakeFiles/HzMF_FOC_F103_MT6701.elf.dir/Drivers/STM32F1xx_HAL_Driver/Src/stm32f1xx_hal_cortex.c.obj
 *fill*         0x08000792        0x2 
 .text.HAL_NVIC_SetPriorityGrouping
                0x08000794       0x24 CMakeFiles/HzMF_FOC_F103_MT6701.elf.dir/Drivers/STM32F1xx_HAL_Driver/Src/stm32f1xx_hal_cortex.c.obj
                0x08000794                HAL_NVIC_SetPriorityGrouping
 .text.HAL_NVIC_SetPriority
                0x080007b8       0x20 CMakeFiles/HzMF_FOC_F103_MT6701.elf.dir/Drivers/STM32F1xx_HAL_Driver/Src/stm32f1xx_hal_cortex.c.obj
                0x080007b8                HAL_NVIC_SetPriority
 .text.HAL_SYSTICK_Config
                0x080007d8       0x28 CMakeFiles/HzMF_FOC_F103_MT6701.elf.dir/Drivers/STM32F1xx_HAL_Driver/Src/stm32f1xx_hal_cortex.c.obj
                0x080007d8                HAL_SYSTICK_Config
 .text.HAL_GPIO_Init
                0x08000800      0x21c CMakeFiles/HzMF_FOC_F103_MT6701.elf.dir/Drivers/STM32F1xx_HAL_Driver/Src/stm32f1xx_hal_gpio.c.obj
                0x08000800                HAL_GPIO_Init
 .text.HAL_GPIO_WritePin
                0x08000a1c        0xc CMakeFiles/HzMF_FOC_F103_MT6701.elf.dir/Drivers/STM32F1xx_HAL_Driver/Src/stm32f1xx_hal_gpio.c.obj
                0x08000a1c                HAL_GPIO_WritePin
 .text.HAL_I2C_Init
                0x08000a28      0x1bc CMakeFiles/HzMF_FOC_F103_MT6701.elf.dir/Drivers/STM32F1xx_HAL_Driver/Src/stm32f1xx_hal_i2c.c.obj
                0x08000a28                HAL_I2C_Init
 .text.RCC_Delay
                0x08000be4       0x2c CMakeFiles/HzMF_FOC_F103_MT6701.elf.dir/Drivers/STM32F1xx_HAL_Driver/Src/stm32f1xx_hal_rcc.c.obj
 .text.HAL_RCC_OscConfig
                0x08000c10      0x410 CMakeFiles/HzMF_FOC_F103_MT6701.elf.dir/Drivers/STM32F1xx_HAL_Driver/Src/stm32f1xx_hal_rcc.c.obj
                0x08000c10                HAL_RCC_OscConfig
 .text.HAL_RCC_GetSysClockFreq
                0x08001020       0x54 CMakeFiles/HzMF_FOC_F103_MT6701.elf.dir/Drivers/STM32F1xx_HAL_Driver/Src/stm32f1xx_hal_rcc.c.obj
                0x08001020                HAL_RCC_GetSysClockFreq
 .text.HAL_RCC_ClockConfig
                0x08001074      0x16c CMakeFiles/HzMF_FOC_F103_MT6701.elf.dir/Drivers/STM32F1xx_HAL_Driver/Src/stm32f1xx_hal_rcc.c.obj
                0x08001074                HAL_RCC_ClockConfig
 .text.HAL_RCC_GetHCLKFreq
                0x080011e0        0xc CMakeFiles/HzMF_FOC_F103_MT6701.elf.dir/Drivers/STM32F1xx_HAL_Driver/Src/stm32f1xx_hal_rcc.c.obj
                0x080011e0                HAL_RCC_GetHCLKFreq
 .text.HAL_RCC_GetPCLK1Freq
                0x080011ec       0x20 CMakeFiles/HzMF_FOC_F103_MT6701.elf.dir/Drivers/STM32F1xx_HAL_Driver/Src/stm32f1xx_hal_rcc.c.obj
                0x080011ec                HAL_RCC_GetPCLK1Freq
 .text.HAL_SPI_Init
                0x0800120c       0xb6 CMakeFiles/HzMF_FOC_F103_MT6701.elf.dir/Drivers/STM32F1xx_HAL_Driver/Src/stm32f1xx_hal_spi.c.obj
                0x0800120c                HAL_SPI_Init
 *fill*         0x080012c2        0x2 
 .text.memset   0x080012c4       0xa0 C:/Programs/STM32CubeMX/arm-gnu-toolchain-13.3.rel1-mingw-w64-i686-arm-none-eabi/bin/../lib/gcc/arm-none-eabi/13.3.1/thumb/v7-m/nofp\libg.a(libc_a-memset.o)
                0x080012c4                memset
 .text.__libc_init_array
                0x08001364       0x50 C:/Programs/STM32CubeMX/arm-gnu-toolchain-13.3.rel1-mingw-w64-i686-arm-none-eabi/bin/../lib/gcc/arm-none-eabi/13.3.1/thumb/v7-m/nofp\libg.a(libc_a-init.o)
                0x08001364                __libc_init_array
 .text.__retarget_lock_acquire_recursive
                0x080013b4        0x4 C:/Programs/STM32CubeMX/arm-gnu-toolchain-13.3.rel1-mingw-w64-i686-arm-none-eabi/bin/../lib/gcc/arm-none-eabi/13.3.1/thumb/v7-m/nofp\libg.a(libc_a-lock.o)
                0x080013b4                __retarget_lock_acquire_recursive
 .text.__retarget_lock_release_recursive
                0x080013b8        0x4 C:/Programs/STM32CubeMX/arm-gnu-toolchain-13.3.rel1-mingw-w64-i686-arm-none-eabi/bin/../lib/gcc/arm-none-eabi/13.3.1/thumb/v7-m/nofp\libg.a(libc_a-lock.o)
                0x080013b8                __retarget_lock_release_recursive
 .text.startup.register_fini
                0x080013bc       0x14 C:/Programs/STM32CubeMX/arm-gnu-toolchain-13.3.rel1-mingw-w64-i686-arm-none-eabi/bin/../lib/gcc/arm-none-eabi/13.3.1/thumb/v7-m/nofp\libg.a(libc_a-__call_atexit.o)
 .text.atexit   0x080013d0        0xc C:/Programs/STM32CubeMX/arm-gnu-toolchain-13.3.rel1-mingw-w64-i686-arm-none-eabi/bin/../lib/gcc/arm-none-eabi/13.3.1/thumb/v7-m/nofp\libg.a(libc_a-atexit.o)
                0x080013d0                atexit
 .text.__libc_fini_array
                0x080013dc       0x28 C:/Programs/STM32CubeMX/arm-gnu-toolchain-13.3.rel1-mingw-w64-i686-arm-none-eabi/bin/../lib/gcc/arm-none-eabi/13.3.1/thumb/v7-m/nofp\libg.a(libc_a-fini.o)
                0x080013dc                __libc_fini_array
 .text.__register_exitproc
                0x08001404       0x80 C:/Programs/STM32CubeMX/arm-gnu-toolchain-13.3.rel1-mingw-w64-i686-arm-none-eabi/bin/../lib/gcc/arm-none-eabi/13.3.1/thumb/v7-m/nofp\libg.a(libc_a-__atexit.o)
                0x08001404                __register_exitproc
 *(.glue_7)
 .glue_7        0x08001484        0x0 linker stubs
 *(.glue_7t)
 .glue_7t       0x08001484        0x0 linker stubs
 *(.eh_frame)
 .eh_frame      0x08001484        0x0 C:/Programs/STM32CubeMX/arm-gnu-toolchain-13.3.rel1-mingw-w64-i686-arm-none-eabi/bin/../lib/gcc/arm-none-eabi/13.3.1/thumb/v7-m/nofp/crtbegin.o
 *(.init)
 .init          0x08001484        0x4 C:/Programs/STM32CubeMX/arm-gnu-toolchain-13.3.rel1-mingw-w64-i686-arm-none-eabi/bin/../lib/gcc/arm-none-eabi/13.3.1/thumb/v7-m/nofp/crti.o
                0x08001484                _init
 .init          0x08001488        0x8 C:/Programs/STM32CubeMX/arm-gnu-toolchain-13.3.rel1-mingw-w64-i686-arm-none-eabi/bin/../lib/gcc/arm-none-eabi/13.3.1/thumb/v7-m/nofp/crtn.o
 *(.fini)
 .fini          0x08001490        0x4 C:/Programs/STM32CubeMX/arm-gnu-toolchain-13.3.rel1-mingw-w64-i686-arm-none-eabi/bin/../lib/gcc/arm-none-eabi/13.3.1/thumb/v7-m/nofp/crti.o
                0x08001490                _fini
 .fini          0x08001494        0x8 C:/Programs/STM32CubeMX/arm-gnu-toolchain-13.3.rel1-mingw-w64-i686-arm-none-eabi/bin/../lib/gcc/arm-none-eabi/13.3.1/thumb/v7-m/nofp/crtn.o
                0x0800149c                        . = ALIGN (0x4)
                0x0800149c                        _etext = .

.vfp11_veneer   0x0800149c        0x0
 .vfp11_veneer  0x0800149c        0x0 linker stubs

.v4_bx          0x0800149c        0x0
 .v4_bx         0x0800149c        0x0 linker stubs

.iplt           0x0800149c        0x0
 .iplt          0x0800149c        0x0 C:/Programs/STM32CubeMX/arm-gnu-toolchain-13.3.rel1-mingw-w64-i686-arm-none-eabi/bin/../lib/gcc/arm-none-eabi/13.3.1/thumb/v7-m/nofp/crtbegin.o

.rodata         0x0800149c       0x2c
                0x0800149c                        . = ALIGN (0x4)
 *(.rodata)
 *(.rodata*)
 .rodata.APBPrescTable
                0x0800149c        0x8 CMakeFiles/HzMF_FOC_F103_MT6701.elf.dir/Core/Src/system_stm32f1xx.c.obj
                0x0800149c                APBPrescTable
 .rodata.AHBPrescTable
                0x080014a4       0x10 CMakeFiles/HzMF_FOC_F103_MT6701.elf.dir/Core/Src/system_stm32f1xx.c.obj
                0x080014a4                AHBPrescTable
 .rodata.aPredivFactorTable.0
                0x080014b4        0x2 CMakeFiles/HzMF_FOC_F103_MT6701.elf.dir/Drivers/STM32F1xx_HAL_Driver/Src/stm32f1xx_hal_rcc.c.obj
 *fill*         0x080014b6        0x2 
 .rodata.aPLLMULFactorTable.1
                0x080014b8       0x10 CMakeFiles/HzMF_FOC_F103_MT6701.elf.dir/Drivers/STM32F1xx_HAL_Driver/Src/stm32f1xx_hal_rcc.c.obj
                0x080014c8                        . = ALIGN (0x4)

.ARM.extab      0x080014c8        0x0
                0x080014c8                        . = ALIGN (0x4)
 *(.ARM.extab* .gnu.linkonce.armextab.*)
                0x080014c8                        . = ALIGN (0x4)

.ARM            0x080014c8        0x0
                0x080014c8                        . = ALIGN (0x4)
                0x080014c8                        __exidx_start = .
 *(.ARM.exidx*)
                0x080014c8                        __exidx_end = .
                0x080014c8                        . = ALIGN (0x4)

.preinit_array  0x080014c8        0x0
                0x080014c8                        . = ALIGN (0x4)
                0x080014c8                        PROVIDE (__preinit_array_start = .)
 *(.preinit_array*)
                0x080014c8                        PROVIDE (__preinit_array_end = .)
                0x080014c8                        . = ALIGN (0x4)

.init_array     0x080014c8        0x8
                0x080014c8                        . = ALIGN (0x4)
                0x080014c8                        PROVIDE (__init_array_start = .)
 *(SORT_BY_NAME(.init_array.*))
 .init_array.00000
                0x080014c8        0x4 C:/Programs/STM32CubeMX/arm-gnu-toolchain-13.3.rel1-mingw-w64-i686-arm-none-eabi/bin/../lib/gcc/arm-none-eabi/13.3.1/thumb/v7-m/nofp\libg.a(libc_a-__call_atexit.o)
 *(.init_array*)
 .init_array    0x080014cc        0x4 C:/Programs/STM32CubeMX/arm-gnu-toolchain-13.3.rel1-mingw-w64-i686-arm-none-eabi/bin/../lib/gcc/arm-none-eabi/13.3.1/thumb/v7-m/nofp/crtbegin.o
                0x080014d0                        PROVIDE (__init_array_end = .)
                0x080014d0                        . = ALIGN (0x4)

.fini_array     0x080014d0        0x4
                0x080014d0                        . = ALIGN (0x4)
                0x080014d0                        PROVIDE (__fini_array_start = .)
 *(SORT_BY_NAME(.fini_array.*))
 *(.fini_array*)
 .fini_array    0x080014d0        0x4 C:/Programs/STM32CubeMX/arm-gnu-toolchain-13.3.rel1-mingw-w64-i686-arm-none-eabi/bin/../lib/gcc/arm-none-eabi/13.3.1/thumb/v7-m/nofp/crtbegin.o
                0x080014d4                        PROVIDE (__fini_array_end = .)
                0x080014d4                        . = ALIGN (0x4)
                0x080014d4                        _sidata = LOADADDR (.data)

.rel.dyn        0x080014d4        0x0
 .rel.iplt      0x080014d4        0x0 C:/Programs/STM32CubeMX/arm-gnu-toolchain-13.3.rel1-mingw-w64-i686-arm-none-eabi/bin/../lib/gcc/arm-none-eabi/13.3.1/thumb/v7-m/nofp/crtbegin.o

.data           0x20000000       0x10 load address 0x080014d4
                0x20000000                        . = ALIGN (0x4)
                0x20000000                        _sdata = .
 *(.data)
 *(.data*)
 .data.SystemCoreClock
                0x20000000        0x4 CMakeFiles/HzMF_FOC_F103_MT6701.elf.dir/Core/Src/system_stm32f1xx.c.obj
                0x20000000                SystemCoreClock
 .data.uwTickFreq
                0x20000004        0x1 CMakeFiles/HzMF_FOC_F103_MT6701.elf.dir/Drivers/STM32F1xx_HAL_Driver/Src/stm32f1xx_hal.c.obj
                0x20000004                uwTickFreq
 *fill*         0x20000005        0x3 
 .data.uwTickPrio
                0x20000008        0x4 CMakeFiles/HzMF_FOC_F103_MT6701.elf.dir/Drivers/STM32F1xx_HAL_Driver/Src/stm32f1xx_hal.c.obj
                0x20000008                uwTickPrio
 .data.__atexit_recursive_mutex
                0x2000000c        0x4 C:/Programs/STM32CubeMX/arm-gnu-toolchain-13.3.rel1-mingw-w64-i686-arm-none-eabi/bin/../lib/gcc/arm-none-eabi/13.3.1/thumb/v7-m/nofp\libg.a(libc_a-__call_atexit.o)
                0x2000000c                __atexit_recursive_mutex
 *(.RamFunc)
 *(.RamFunc*)
                0x20000010                        . = ALIGN (0x4)
                0x20000010                        _edata = .

.tm_clone_table
                0x20000010        0x0 load address 0x080014e4
 .tm_clone_table
                0x20000010        0x0 C:/Programs/STM32CubeMX/arm-gnu-toolchain-13.3.rel1-mingw-w64-i686-arm-none-eabi/bin/../lib/gcc/arm-none-eabi/13.3.1/thumb/v7-m/nofp/crtbegin.o
 .tm_clone_table
                0x20000010        0x0 C:/Programs/STM32CubeMX/arm-gnu-toolchain-13.3.rel1-mingw-w64-i686-arm-none-eabi/bin/../lib/gcc/arm-none-eabi/13.3.1/thumb/v7-m/nofp/crtend.o

.igot.plt       0x20000010        0x0 load address 0x080014e4
 .igot.plt      0x20000010        0x0 C:/Programs/STM32CubeMX/arm-gnu-toolchain-13.3.rel1-mingw-w64-i686-arm-none-eabi/bin/../lib/gcc/arm-none-eabi/13.3.1/thumb/v7-m/nofp/crtbegin.o
                0x20000010                        . = ALIGN (0x4)

.bss            0x20000010      0x28c load address 0x080014e4
                0x20000010                        _sbss = .
                0x20000010                        __bss_start__ = _sbss
 *(.bss)
 *(.bss*)
 .bss.completed.1
                0x20000010        0x1 C:/Programs/STM32CubeMX/arm-gnu-toolchain-13.3.rel1-mingw-w64-i686-arm-none-eabi/bin/../lib/gcc/arm-none-eabi/13.3.1/thumb/v7-m/nofp/crtbegin.o
 *fill*         0x20000011        0x3 
 .bss.object.0  0x20000014       0x18 C:/Programs/STM32CubeMX/arm-gnu-toolchain-13.3.rel1-mingw-w64-i686-arm-none-eabi/bin/../lib/gcc/arm-none-eabi/13.3.1/thumb/v7-m/nofp/crtbegin.o
 .bss.hcan      0x2000002c       0x28 CMakeFiles/HzMF_FOC_F103_MT6701.elf.dir/Core/Src/can.c.obj
                0x2000002c                hcan
 .bss.hi2c1     0x20000054       0x54 CMakeFiles/HzMF_FOC_F103_MT6701.elf.dir/Core/Src/i2c.c.obj
                0x20000054                hi2c1
 .bss.hspi1     0x200000a8       0x58 CMakeFiles/HzMF_FOC_F103_MT6701.elf.dir/Core/Src/spi.c.obj
                0x200000a8                hspi1
 .bss.uwTick    0x20000100        0x4 CMakeFiles/HzMF_FOC_F103_MT6701.elf.dir/Drivers/STM32F1xx_HAL_Driver/Src/stm32f1xx_hal.c.obj
                0x20000100                uwTick
 .bss.__lock___atexit_recursive_mutex
                0x20000104        0x1 C:/Programs/STM32CubeMX/arm-gnu-toolchain-13.3.rel1-mingw-w64-i686-arm-none-eabi/bin/../lib/gcc/arm-none-eabi/13.3.1/thumb/v7-m/nofp\libg.a(libc_a-lock.o)
                0x20000104                __lock___atexit_recursive_mutex
 *fill*         0x20000105        0x3 
 .bss.__atexit  0x20000108        0x4 C:/Programs/STM32CubeMX/arm-gnu-toolchain-13.3.rel1-mingw-w64-i686-arm-none-eabi/bin/../lib/gcc/arm-none-eabi/13.3.1/thumb/v7-m/nofp\libg.a(libc_a-__call_atexit.o)
                0x20000108                __atexit
 .bss.__atexit0
                0x2000010c      0x190 C:/Programs/STM32CubeMX/arm-gnu-toolchain-13.3.rel1-mingw-w64-i686-arm-none-eabi/bin/../lib/gcc/arm-none-eabi/13.3.1/thumb/v7-m/nofp\libg.a(libc_a-__atexit.o)
                0x2000010c                __atexit0
 *(COMMON)
                0x2000029c                        . = ALIGN (0x4)
                0x2000029c                        _ebss = .
                0x2000029c                        __bss_end__ = _ebss

._user_heap_stack
                0x2000029c      0x604 load address 0x080014e4
                0x200002a0                        . = ALIGN (0x8)
 *fill*         0x2000029c        0x4 
                [!provide]                        PROVIDE (end = .)
                0x200002a0                        PROVIDE (_end = .)
                0x200004a0                        . = (. + _Min_Heap_Size)
 *fill*         0x200002a0      0x200 
                0x200008a0                        . = (. + _Min_Stack_Size)
 *fill*         0x200004a0      0x400 
                0x200008a0                        . = ALIGN (0x8)

/DISCARD/
 libc.a(*)
 libm.a(*)
 libgcc.a(*)

.ARM.attributes
                0x00000000       0x29
 *(.ARM.attributes)
 .ARM.attributes
                0x00000000       0x1d C:/Programs/STM32CubeMX/arm-gnu-toolchain-13.3.rel1-mingw-w64-i686-arm-none-eabi/bin/../lib/gcc/arm-none-eabi/13.3.1/thumb/v7-m/nofp/crti.o
 .ARM.attributes
                0x0000001d       0x2d C:/Programs/STM32CubeMX/arm-gnu-toolchain-13.3.rel1-mingw-w64-i686-arm-none-eabi/bin/../lib/gcc/arm-none-eabi/13.3.1/thumb/v7-m/nofp/crtbegin.o
 .ARM.attributes
                0x0000004a       0x2d CMakeFiles/HzMF_FOC_F103_MT6701.elf.dir/Core/Src/can.c.obj
 .ARM.attributes
                0x00000077       0x2d CMakeFiles/HzMF_FOC_F103_MT6701.elf.dir/Core/Src/gpio.c.obj
 .ARM.attributes
                0x000000a4       0x2d CMakeFiles/HzMF_FOC_F103_MT6701.elf.dir/Core/Src/i2c.c.obj
 .ARM.attributes
                0x000000d1       0x2d CMakeFiles/HzMF_FOC_F103_MT6701.elf.dir/Core/Src/main.c.obj
 .ARM.attributes
                0x000000fe       0x2d CMakeFiles/HzMF_FOC_F103_MT6701.elf.dir/Core/Src/spi.c.obj
 .ARM.attributes
                0x0000012b       0x2d CMakeFiles/HzMF_FOC_F103_MT6701.elf.dir/Core/Src/stm32f1xx_hal_msp.c.obj
 .ARM.attributes
                0x00000158       0x2d CMakeFiles/HzMF_FOC_F103_MT6701.elf.dir/Core/Src/stm32f1xx_it.c.obj
 .ARM.attributes
                0x00000185       0x2d CMakeFiles/HzMF_FOC_F103_MT6701.elf.dir/Core/Src/system_stm32f1xx.c.obj
 .ARM.attributes
                0x000001b2       0x21 CMakeFiles/HzMF_FOC_F103_MT6701.elf.dir/Core/Startup/startup_stm32f103cbtx.s.obj
 .ARM.attributes
                0x000001d3       0x2d CMakeFiles/HzMF_FOC_F103_MT6701.elf.dir/Drivers/STM32F1xx_HAL_Driver/Src/stm32f1xx_hal.c.obj
 .ARM.attributes
                0x00000200       0x2d CMakeFiles/HzMF_FOC_F103_MT6701.elf.dir/Drivers/STM32F1xx_HAL_Driver/Src/stm32f1xx_hal_can.c.obj
 .ARM.attributes
                0x0000022d       0x2d CMakeFiles/HzMF_FOC_F103_MT6701.elf.dir/Drivers/STM32F1xx_HAL_Driver/Src/stm32f1xx_hal_cortex.c.obj
 .ARM.attributes
                0x0000025a       0x2d CMakeFiles/HzMF_FOC_F103_MT6701.elf.dir/Drivers/STM32F1xx_HAL_Driver/Src/stm32f1xx_hal_gpio.c.obj
 .ARM.attributes
                0x00000287       0x2d CMakeFiles/HzMF_FOC_F103_MT6701.elf.dir/Drivers/STM32F1xx_HAL_Driver/Src/stm32f1xx_hal_i2c.c.obj
 .ARM.attributes
                0x000002b4       0x2d CMakeFiles/HzMF_FOC_F103_MT6701.elf.dir/Drivers/STM32F1xx_HAL_Driver/Src/stm32f1xx_hal_rcc.c.obj
 .ARM.attributes
                0x000002e1       0x2d CMakeFiles/HzMF_FOC_F103_MT6701.elf.dir/Drivers/STM32F1xx_HAL_Driver/Src/stm32f1xx_hal_spi.c.obj
 .ARM.attributes
                0x0000030e       0x2d C:/Programs/STM32CubeMX/arm-gnu-toolchain-13.3.rel1-mingw-w64-i686-arm-none-eabi/bin/../lib/gcc/arm-none-eabi/13.3.1/thumb/v7-m/nofp\libg.a(libc_a-memset.o)
 .ARM.attributes
                0x0000033b       0x2d C:/Programs/STM32CubeMX/arm-gnu-toolchain-13.3.rel1-mingw-w64-i686-arm-none-eabi/bin/../lib/gcc/arm-none-eabi/13.3.1/thumb/v7-m/nofp\libg.a(libc_a-init.o)
 .ARM.attributes
                0x00000368       0x2d C:/Programs/STM32CubeMX/arm-gnu-toolchain-13.3.rel1-mingw-w64-i686-arm-none-eabi/bin/../lib/gcc/arm-none-eabi/13.3.1/thumb/v7-m/nofp\libg.a(libc_a-lock.o)
 .ARM.attributes
                0x00000395       0x2d C:/Programs/STM32CubeMX/arm-gnu-toolchain-13.3.rel1-mingw-w64-i686-arm-none-eabi/bin/../lib/gcc/arm-none-eabi/13.3.1/thumb/v7-m/nofp\libg.a(libc_a-__call_atexit.o)
 .ARM.attributes
                0x000003c2       0x2d C:/Programs/STM32CubeMX/arm-gnu-toolchain-13.3.rel1-mingw-w64-i686-arm-none-eabi/bin/../lib/gcc/arm-none-eabi/13.3.1/thumb/v7-m/nofp\libg.a(libc_a-atexit.o)
 .ARM.attributes
                0x000003ef       0x2d C:/Programs/STM32CubeMX/arm-gnu-toolchain-13.3.rel1-mingw-w64-i686-arm-none-eabi/bin/../lib/gcc/arm-none-eabi/13.3.1/thumb/v7-m/nofp\libg.a(libc_a-fini.o)
 .ARM.attributes
                0x0000041c       0x2d C:/Programs/STM32CubeMX/arm-gnu-toolchain-13.3.rel1-mingw-w64-i686-arm-none-eabi/bin/../lib/gcc/arm-none-eabi/13.3.1/thumb/v7-m/nofp\libg.a(libc_a-__atexit.o)
 .ARM.attributes
                0x00000449       0x2d C:/Programs/STM32CubeMX/arm-gnu-toolchain-13.3.rel1-mingw-w64-i686-arm-none-eabi/bin/../lib/gcc/arm-none-eabi/13.3.1/thumb/v7-m/nofp/crtend.o
 .ARM.attributes
                0x00000476       0x1d C:/Programs/STM32CubeMX/arm-gnu-toolchain-13.3.rel1-mingw-w64-i686-arm-none-eabi/bin/../lib/gcc/arm-none-eabi/13.3.1/thumb/v7-m/nofp/crtn.o
OUTPUT(HzMF_FOC_F103_MT6701.elf elf32-littlearm)
LOAD linker stubs
LOAD C:/Programs/STM32CubeMX/arm-gnu-toolchain-13.3.rel1-mingw-w64-i686-arm-none-eabi/bin/../lib/gcc/arm-none-eabi/13.3.1/thumb/v7-m/nofp\libc.a
LOAD C:/Programs/STM32CubeMX/arm-gnu-toolchain-13.3.rel1-mingw-w64-i686-arm-none-eabi/bin/../lib/gcc/arm-none-eabi/13.3.1/thumb/v7-m/nofp\libm.a
LOAD C:/Programs/STM32CubeMX/arm-gnu-toolchain-13.3.rel1-mingw-w64-i686-arm-none-eabi/bin/../lib/gcc/arm-none-eabi/13.3.1/thumb/v7-m/nofp\libgcc.a

.debug_info     0x00000000     0xaeb7
 .debug_info    0x00000000      0x7e0 CMakeFiles/HzMF_FOC_F103_MT6701.elf.dir/Core/Src/can.c.obj
 .debug_info    0x000007e0      0x2ee CMakeFiles/HzMF_FOC_F103_MT6701.elf.dir/Core/Src/gpio.c.obj
 .debug_info    0x00000ace      0x857 CMakeFiles/HzMF_FOC_F103_MT6701.elf.dir/Core/Src/i2c.c.obj
 .debug_info    0x00001325      0x340 CMakeFiles/HzMF_FOC_F103_MT6701.elf.dir/Core/Src/main.c.obj
 .debug_info    0x00001665      0x830 CMakeFiles/HzMF_FOC_F103_MT6701.elf.dir/Core/Src/spi.c.obj
 .debug_info    0x00001e95      0x1f4 CMakeFiles/HzMF_FOC_F103_MT6701.elf.dir/Core/Src/stm32f1xx_hal_msp.c.obj
 .debug_info    0x00002089      0x11d CMakeFiles/HzMF_FOC_F103_MT6701.elf.dir/Core/Src/stm32f1xx_it.c.obj
 .debug_info    0x000021a6      0x22d CMakeFiles/HzMF_FOC_F103_MT6701.elf.dir/Core/Src/system_stm32f1xx.c.obj
 .debug_info    0x000023d3       0x30 CMakeFiles/HzMF_FOC_F103_MT6701.elf.dir/Core/Startup/startup_stm32f103cbtx.s.obj
 .debug_info    0x00002403      0x7a2 CMakeFiles/HzMF_FOC_F103_MT6701.elf.dir/Drivers/STM32F1xx_HAL_Driver/Src/stm32f1xx_hal.c.obj
 .debug_info    0x00002ba5     0x11bb CMakeFiles/HzMF_FOC_F103_MT6701.elf.dir/Drivers/STM32F1xx_HAL_Driver/Src/stm32f1xx_hal_can.c.obj
 .debug_info    0x00003d60      0xcd9 CMakeFiles/HzMF_FOC_F103_MT6701.elf.dir/Drivers/STM32F1xx_HAL_Driver/Src/stm32f1xx_hal_cortex.c.obj
 .debug_info    0x00004a39      0x604 CMakeFiles/HzMF_FOC_F103_MT6701.elf.dir/Drivers/STM32F1xx_HAL_Driver/Src/stm32f1xx_hal_gpio.c.obj
 .debug_info    0x0000503d     0x390b CMakeFiles/HzMF_FOC_F103_MT6701.elf.dir/Drivers/STM32F1xx_HAL_Driver/Src/stm32f1xx_hal_i2c.c.obj
 .debug_info    0x00008948      0x9c7 CMakeFiles/HzMF_FOC_F103_MT6701.elf.dir/Drivers/STM32F1xx_HAL_Driver/Src/stm32f1xx_hal_rcc.c.obj
 .debug_info    0x0000930f     0x1ba8 CMakeFiles/HzMF_FOC_F103_MT6701.elf.dir/Drivers/STM32F1xx_HAL_Driver/Src/stm32f1xx_hal_spi.c.obj

.debug_abbrev   0x00000000     0x1d8f
 .debug_abbrev  0x00000000      0x244 CMakeFiles/HzMF_FOC_F103_MT6701.elf.dir/Core/Src/can.c.obj
 .debug_abbrev  0x00000244      0x151 CMakeFiles/HzMF_FOC_F103_MT6701.elf.dir/Core/Src/gpio.c.obj
 .debug_abbrev  0x00000395      0x1fc CMakeFiles/HzMF_FOC_F103_MT6701.elf.dir/Core/Src/i2c.c.obj
 .debug_abbrev  0x00000591      0x18c CMakeFiles/HzMF_FOC_F103_MT6701.elf.dir/Core/Src/main.c.obj
 .debug_abbrev  0x0000071d      0x205 CMakeFiles/HzMF_FOC_F103_MT6701.elf.dir/Core/Src/spi.c.obj
 .debug_abbrev  0x00000922       0xed CMakeFiles/HzMF_FOC_F103_MT6701.elf.dir/Core/Src/stm32f1xx_hal_msp.c.obj
 .debug_abbrev  0x00000a0f       0x7c CMakeFiles/HzMF_FOC_F103_MT6701.elf.dir/Core/Src/stm32f1xx_it.c.obj
 .debug_abbrev  0x00000a8b      0x143 CMakeFiles/HzMF_FOC_F103_MT6701.elf.dir/Core/Src/system_stm32f1xx.c.obj
 .debug_abbrev  0x00000bce       0x24 CMakeFiles/HzMF_FOC_F103_MT6701.elf.dir/Core/Startup/startup_stm32f103cbtx.s.obj
 .debug_abbrev  0x00000bf2      0x22d CMakeFiles/HzMF_FOC_F103_MT6701.elf.dir/Drivers/STM32F1xx_HAL_Driver/Src/stm32f1xx_hal.c.obj
 .debug_abbrev  0x00000e1f      0x23c CMakeFiles/HzMF_FOC_F103_MT6701.elf.dir/Drivers/STM32F1xx_HAL_Driver/Src/stm32f1xx_hal_can.c.obj
 .debug_abbrev  0x0000105b      0x36d CMakeFiles/HzMF_FOC_F103_MT6701.elf.dir/Drivers/STM32F1xx_HAL_Driver/Src/stm32f1xx_hal_cortex.c.obj
 .debug_abbrev  0x000013c8      0x1f7 CMakeFiles/HzMF_FOC_F103_MT6701.elf.dir/Drivers/STM32F1xx_HAL_Driver/Src/stm32f1xx_hal_gpio.c.obj
 .debug_abbrev  0x000015bf      0x2be CMakeFiles/HzMF_FOC_F103_MT6701.elf.dir/Drivers/STM32F1xx_HAL_Driver/Src/stm32f1xx_hal_i2c.c.obj
 .debug_abbrev  0x0000187d      0x2a0 CMakeFiles/HzMF_FOC_F103_MT6701.elf.dir/Drivers/STM32F1xx_HAL_Driver/Src/stm32f1xx_hal_rcc.c.obj
 .debug_abbrev  0x00001b1d      0x272 CMakeFiles/HzMF_FOC_F103_MT6701.elf.dir/Drivers/STM32F1xx_HAL_Driver/Src/stm32f1xx_hal_spi.c.obj

.debug_loclists
                0x00000000     0x602a
 .debug_loclists
                0x00000000       0x96 CMakeFiles/HzMF_FOC_F103_MT6701.elf.dir/Core/Src/can.c.obj
 .debug_loclists
                0x00000096       0x5d CMakeFiles/HzMF_FOC_F103_MT6701.elf.dir/Core/Src/i2c.c.obj
 .debug_loclists
                0x000000f3       0x74 CMakeFiles/HzMF_FOC_F103_MT6701.elf.dir/Core/Src/spi.c.obj
 .debug_loclists
                0x00000167       0x17 CMakeFiles/HzMF_FOC_F103_MT6701.elf.dir/Core/Src/stm32f1xx_hal_msp.c.obj
 .debug_loclists
                0x0000017e       0xb7 CMakeFiles/HzMF_FOC_F103_MT6701.elf.dir/Core/Src/system_stm32f1xx.c.obj
 .debug_loclists
                0x00000235       0xe1 CMakeFiles/HzMF_FOC_F103_MT6701.elf.dir/Drivers/STM32F1xx_HAL_Driver/Src/stm32f1xx_hal.c.obj
 .debug_loclists
                0x00000316      0xa1a CMakeFiles/HzMF_FOC_F103_MT6701.elf.dir/Drivers/STM32F1xx_HAL_Driver/Src/stm32f1xx_hal_can.c.obj
 .debug_loclists
                0x00000d30      0x530 CMakeFiles/HzMF_FOC_F103_MT6701.elf.dir/Drivers/STM32F1xx_HAL_Driver/Src/stm32f1xx_hal_cortex.c.obj
 .debug_loclists
                0x00001260      0x318 CMakeFiles/HzMF_FOC_F103_MT6701.elf.dir/Drivers/STM32F1xx_HAL_Driver/Src/stm32f1xx_hal_gpio.c.obj
 .debug_loclists
                0x00001578     0x31ca CMakeFiles/HzMF_FOC_F103_MT6701.elf.dir/Drivers/STM32F1xx_HAL_Driver/Src/stm32f1xx_hal_i2c.c.obj
 .debug_loclists
                0x00004742      0x42e CMakeFiles/HzMF_FOC_F103_MT6701.elf.dir/Drivers/STM32F1xx_HAL_Driver/Src/stm32f1xx_hal_rcc.c.obj
 .debug_loclists
                0x00004b70     0x14ba CMakeFiles/HzMF_FOC_F103_MT6701.elf.dir/Drivers/STM32F1xx_HAL_Driver/Src/stm32f1xx_hal_spi.c.obj

.debug_aranges  0x00000000      0x9e8
 .debug_aranges
                0x00000000       0x30 CMakeFiles/HzMF_FOC_F103_MT6701.elf.dir/Core/Src/can.c.obj
 .debug_aranges
                0x00000030       0x20 CMakeFiles/HzMF_FOC_F103_MT6701.elf.dir/Core/Src/gpio.c.obj
 .debug_aranges
                0x00000050       0x30 CMakeFiles/HzMF_FOC_F103_MT6701.elf.dir/Core/Src/i2c.c.obj
 .debug_aranges
                0x00000080       0x30 CMakeFiles/HzMF_FOC_F103_MT6701.elf.dir/Core/Src/main.c.obj
 .debug_aranges
                0x000000b0       0x30 CMakeFiles/HzMF_FOC_F103_MT6701.elf.dir/Core/Src/spi.c.obj
 .debug_aranges
                0x000000e0       0x20 CMakeFiles/HzMF_FOC_F103_MT6701.elf.dir/Core/Src/stm32f1xx_hal_msp.c.obj
 .debug_aranges
                0x00000100       0x60 CMakeFiles/HzMF_FOC_F103_MT6701.elf.dir/Core/Src/stm32f1xx_it.c.obj
 .debug_aranges
                0x00000160       0x28 CMakeFiles/HzMF_FOC_F103_MT6701.elf.dir/Core/Src/system_stm32f1xx.c.obj
 .debug_aranges
                0x00000188       0x28 CMakeFiles/HzMF_FOC_F103_MT6701.elf.dir/Core/Startup/startup_stm32f103cbtx.s.obj
 .debug_aranges
                0x000001b0       0xe0 CMakeFiles/HzMF_FOC_F103_MT6701.elf.dir/Drivers/STM32F1xx_HAL_Driver/Src/stm32f1xx_hal.c.obj
 .debug_aranges
                0x00000290      0x138 CMakeFiles/HzMF_FOC_F103_MT6701.elf.dir/Drivers/STM32F1xx_HAL_Driver/Src/stm32f1xx_hal_can.c.obj
 .debug_aranges
                0x000003c8       0xc0 CMakeFiles/HzMF_FOC_F103_MT6701.elf.dir/Drivers/STM32F1xx_HAL_Driver/Src/stm32f1xx_hal_cortex.c.obj
 .debug_aranges
                0x00000488       0x58 CMakeFiles/HzMF_FOC_F103_MT6701.elf.dir/Drivers/STM32F1xx_HAL_Driver/Src/stm32f1xx_hal_gpio.c.obj
 .debug_aranges
                0x000004e0      0x2a8 CMakeFiles/HzMF_FOC_F103_MT6701.elf.dir/Drivers/STM32F1xx_HAL_Driver/Src/stm32f1xx_hal_i2c.c.obj
 .debug_aranges
                0x00000788       0x90 CMakeFiles/HzMF_FOC_F103_MT6701.elf.dir/Drivers/STM32F1xx_HAL_Driver/Src/stm32f1xx_hal_rcc.c.obj
 .debug_aranges
                0x00000818      0x1d0 CMakeFiles/HzMF_FOC_F103_MT6701.elf.dir/Drivers/STM32F1xx_HAL_Driver/Src/stm32f1xx_hal_spi.c.obj

.debug_rnglists
                0x00000000      0x78b
 .debug_rnglists
                0x00000000       0x20 CMakeFiles/HzMF_FOC_F103_MT6701.elf.dir/Core/Src/can.c.obj
 .debug_rnglists
                0x00000020       0x13 CMakeFiles/HzMF_FOC_F103_MT6701.elf.dir/Core/Src/gpio.c.obj
 .debug_rnglists
                0x00000033       0x1f CMakeFiles/HzMF_FOC_F103_MT6701.elf.dir/Core/Src/i2c.c.obj
 .debug_rnglists
                0x00000052       0x1f CMakeFiles/HzMF_FOC_F103_MT6701.elf.dir/Core/Src/main.c.obj
 .debug_rnglists
                0x00000071       0x1f CMakeFiles/HzMF_FOC_F103_MT6701.elf.dir/Core/Src/spi.c.obj
 .debug_rnglists
                0x00000090       0x13 CMakeFiles/HzMF_FOC_F103_MT6701.elf.dir/Core/Src/stm32f1xx_hal_msp.c.obj
 .debug_rnglists
                0x000000a3       0x43 CMakeFiles/HzMF_FOC_F103_MT6701.elf.dir/Core/Src/stm32f1xx_it.c.obj
 .debug_rnglists
                0x000000e6       0x1a CMakeFiles/HzMF_FOC_F103_MT6701.elf.dir/Core/Src/system_stm32f1xx.c.obj
 .debug_rnglists
                0x00000100       0x19 CMakeFiles/HzMF_FOC_F103_MT6701.elf.dir/Core/Startup/startup_stm32f103cbtx.s.obj
 .debug_rnglists
                0x00000119       0xa3 CMakeFiles/HzMF_FOC_F103_MT6701.elf.dir/Drivers/STM32F1xx_HAL_Driver/Src/stm32f1xx_hal.c.obj
 .debug_rnglists
                0x000001bc       0xea CMakeFiles/HzMF_FOC_F103_MT6701.elf.dir/Drivers/STM32F1xx_HAL_Driver/Src/stm32f1xx_hal_can.c.obj
 .debug_rnglists
                0x000002a6       0x8b CMakeFiles/HzMF_FOC_F103_MT6701.elf.dir/Drivers/STM32F1xx_HAL_Driver/Src/stm32f1xx_hal_cortex.c.obj
 .debug_rnglists
                0x00000331       0x3f CMakeFiles/HzMF_FOC_F103_MT6701.elf.dir/Drivers/STM32F1xx_HAL_Driver/Src/stm32f1xx_hal_gpio.c.obj
 .debug_rnglists
                0x00000370      0x236 CMakeFiles/HzMF_FOC_F103_MT6701.elf.dir/Drivers/STM32F1xx_HAL_Driver/Src/stm32f1xx_hal_i2c.c.obj
 .debug_rnglists
                0x000005a6       0x7d CMakeFiles/HzMF_FOC_F103_MT6701.elf.dir/Drivers/STM32F1xx_HAL_Driver/Src/stm32f1xx_hal_rcc.c.obj
 .debug_rnglists
                0x00000623      0x168 CMakeFiles/HzMF_FOC_F103_MT6701.elf.dir/Drivers/STM32F1xx_HAL_Driver/Src/stm32f1xx_hal_spi.c.obj

.debug_line     0x00000000     0xcd28
 .debug_line    0x00000000      0x45a CMakeFiles/HzMF_FOC_F103_MT6701.elf.dir/Core/Src/can.c.obj
 .debug_line    0x0000045a      0x2d6 CMakeFiles/HzMF_FOC_F103_MT6701.elf.dir/Core/Src/gpio.c.obj
 .debug_line    0x00000730      0x431 CMakeFiles/HzMF_FOC_F103_MT6701.elf.dir/Core/Src/i2c.c.obj
 .debug_line    0x00000b61      0x425 CMakeFiles/HzMF_FOC_F103_MT6701.elf.dir/Core/Src/main.c.obj
 .debug_line    0x00000f86      0x44c CMakeFiles/HzMF_FOC_F103_MT6701.elf.dir/Core/Src/spi.c.obj
 .debug_line    0x000013d2      0x235 CMakeFiles/HzMF_FOC_F103_MT6701.elf.dir/Core/Src/stm32f1xx_hal_msp.c.obj
 .debug_line    0x00001607      0x1d5 CMakeFiles/HzMF_FOC_F103_MT6701.elf.dir/Core/Src/stm32f1xx_it.c.obj
 .debug_line    0x000017dc      0x2fd CMakeFiles/HzMF_FOC_F103_MT6701.elf.dir/Core/Src/system_stm32f1xx.c.obj
 .debug_line    0x00001ad9       0x78 CMakeFiles/HzMF_FOC_F103_MT6701.elf.dir/Core/Startup/startup_stm32f103cbtx.s.obj
 .debug_line    0x00001b51      0x67e CMakeFiles/HzMF_FOC_F103_MT6701.elf.dir/Drivers/STM32F1xx_HAL_Driver/Src/stm32f1xx_hal.c.obj
 .debug_line    0x000021cf     0x1295 CMakeFiles/HzMF_FOC_F103_MT6701.elf.dir/Drivers/STM32F1xx_HAL_Driver/Src/stm32f1xx_hal_can.c.obj
 .debug_line    0x00003464      0x7ab CMakeFiles/HzMF_FOC_F103_MT6701.elf.dir/Drivers/STM32F1xx_HAL_Driver/Src/stm32f1xx_hal_cortex.c.obj
 .debug_line    0x00003c0f      0x6d4 CMakeFiles/HzMF_FOC_F103_MT6701.elf.dir/Drivers/STM32F1xx_HAL_Driver/Src/stm32f1xx_hal_gpio.c.obj
 .debug_line    0x000042e3     0x5798 CMakeFiles/HzMF_FOC_F103_MT6701.elf.dir/Drivers/STM32F1xx_HAL_Driver/Src/stm32f1xx_hal_i2c.c.obj
 .debug_line    0x00009a7b      0xdae CMakeFiles/HzMF_FOC_F103_MT6701.elf.dir/Drivers/STM32F1xx_HAL_Driver/Src/stm32f1xx_hal_rcc.c.obj
 .debug_line    0x0000a829     0x24ff CMakeFiles/HzMF_FOC_F103_MT6701.elf.dir/Drivers/STM32F1xx_HAL_Driver/Src/stm32f1xx_hal_spi.c.obj

.debug_str      0x00000000     0x3379
 .debug_str     0x00000000     0x3379 CMakeFiles/HzMF_FOC_F103_MT6701.elf.dir/Core/Src/can.c.obj
                                0x60c (size before relaxing)
 .debug_str     0x00003379      0x311 CMakeFiles/HzMF_FOC_F103_MT6701.elf.dir/Core/Src/gpio.c.obj
 .debug_str     0x00003379      0x7cc CMakeFiles/HzMF_FOC_F103_MT6701.elf.dir/Core/Src/i2c.c.obj
 .debug_str     0x00003379      0x40e CMakeFiles/HzMF_FOC_F103_MT6701.elf.dir/Core/Src/main.c.obj
 .debug_str     0x00003379      0x723 CMakeFiles/HzMF_FOC_F103_MT6701.elf.dir/Core/Src/spi.c.obj
 .debug_str     0x00003379      0x2a5 CMakeFiles/HzMF_FOC_F103_MT6701.elf.dir/Core/Src/stm32f1xx_hal_msp.c.obj
 .debug_str     0x00003379      0x2a8 CMakeFiles/HzMF_FOC_F103_MT6701.elf.dir/Core/Src/stm32f1xx_it.c.obj
 .debug_str     0x00003379      0x2da CMakeFiles/HzMF_FOC_F103_MT6701.elf.dir/Core/Src/system_stm32f1xx.c.obj
 .debug_str     0x00003379       0xeb CMakeFiles/HzMF_FOC_F103_MT6701.elf.dir/Core/Startup/startup_stm32f103cbtx.s.obj
 .debug_str     0x00003379      0x8b4 CMakeFiles/HzMF_FOC_F103_MT6701.elf.dir/Drivers/STM32F1xx_HAL_Driver/Src/stm32f1xx_hal.c.obj
 .debug_str     0x00003379      0xaa8 CMakeFiles/HzMF_FOC_F103_MT6701.elf.dir/Drivers/STM32F1xx_HAL_Driver/Src/stm32f1xx_hal_can.c.obj
 .debug_str     0x00003379      0x959 CMakeFiles/HzMF_FOC_F103_MT6701.elf.dir/Drivers/STM32F1xx_HAL_Driver/Src/stm32f1xx_hal_cortex.c.obj
 .debug_str     0x00003379      0x486 CMakeFiles/HzMF_FOC_F103_MT6701.elf.dir/Drivers/STM32F1xx_HAL_Driver/Src/stm32f1xx_hal_gpio.c.obj
 .debug_str     0x00003379     0x104b CMakeFiles/HzMF_FOC_F103_MT6701.elf.dir/Drivers/STM32F1xx_HAL_Driver/Src/stm32f1xx_hal_i2c.c.obj
 .debug_str     0x00003379      0x6b1 CMakeFiles/HzMF_FOC_F103_MT6701.elf.dir/Drivers/STM32F1xx_HAL_Driver/Src/stm32f1xx_hal_rcc.c.obj
 .debug_str     0x00003379      0xbe7 CMakeFiles/HzMF_FOC_F103_MT6701.elf.dir/Drivers/STM32F1xx_HAL_Driver/Src/stm32f1xx_hal_spi.c.obj

.comment        0x00000000       0x45
 .comment       0x00000000       0x45 CMakeFiles/HzMF_FOC_F103_MT6701.elf.dir/Core/Src/can.c.obj
                                 0x46 (size before relaxing)
 .comment       0x00000045       0x46 CMakeFiles/HzMF_FOC_F103_MT6701.elf.dir/Core/Src/gpio.c.obj
 .comment       0x00000045       0x46 CMakeFiles/HzMF_FOC_F103_MT6701.elf.dir/Core/Src/i2c.c.obj
 .comment       0x00000045       0x46 CMakeFiles/HzMF_FOC_F103_MT6701.elf.dir/Core/Src/main.c.obj
 .comment       0x00000045       0x46 CMakeFiles/HzMF_FOC_F103_MT6701.elf.dir/Core/Src/spi.c.obj
 .comment       0x00000045       0x46 CMakeFiles/HzMF_FOC_F103_MT6701.elf.dir/Core/Src/stm32f1xx_hal_msp.c.obj
 .comment       0x00000045       0x46 CMakeFiles/HzMF_FOC_F103_MT6701.elf.dir/Core/Src/stm32f1xx_it.c.obj
 .comment       0x00000045       0x46 CMakeFiles/HzMF_FOC_F103_MT6701.elf.dir/Core/Src/system_stm32f1xx.c.obj
 .comment       0x00000045       0x46 CMakeFiles/HzMF_FOC_F103_MT6701.elf.dir/Drivers/STM32F1xx_HAL_Driver/Src/stm32f1xx_hal.c.obj
 .comment       0x00000045       0x46 CMakeFiles/HzMF_FOC_F103_MT6701.elf.dir/Drivers/STM32F1xx_HAL_Driver/Src/stm32f1xx_hal_can.c.obj
 .comment       0x00000045       0x46 CMakeFiles/HzMF_FOC_F103_MT6701.elf.dir/Drivers/STM32F1xx_HAL_Driver/Src/stm32f1xx_hal_cortex.c.obj
 .comment       0x00000045       0x46 CMakeFiles/HzMF_FOC_F103_MT6701.elf.dir/Drivers/STM32F1xx_HAL_Driver/Src/stm32f1xx_hal_gpio.c.obj
 .comment       0x00000045       0x46 CMakeFiles/HzMF_FOC_F103_MT6701.elf.dir/Drivers/STM32F1xx_HAL_Driver/Src/stm32f1xx_hal_i2c.c.obj
 .comment       0x00000045       0x46 CMakeFiles/HzMF_FOC_F103_MT6701.elf.dir/Drivers/STM32F1xx_HAL_Driver/Src/stm32f1xx_hal_rcc.c.obj
 .comment       0x00000045       0x46 CMakeFiles/HzMF_FOC_F103_MT6701.elf.dir/Drivers/STM32F1xx_HAL_Driver/Src/stm32f1xx_hal_spi.c.obj

.debug_frame    0x00000000     0x1c88
 .debug_frame   0x00000000       0x60 CMakeFiles/HzMF_FOC_F103_MT6701.elf.dir/Core/Src/can.c.obj
 .debug_frame   0x00000060       0x30 CMakeFiles/HzMF_FOC_F103_MT6701.elf.dir/Core/Src/gpio.c.obj
 .debug_frame   0x00000090       0x60 CMakeFiles/HzMF_FOC_F103_MT6701.elf.dir/Core/Src/i2c.c.obj
 .debug_frame   0x000000f0       0x58 CMakeFiles/HzMF_FOC_F103_MT6701.elf.dir/Core/Src/main.c.obj
 .debug_frame   0x00000148       0x60 CMakeFiles/HzMF_FOC_F103_MT6701.elf.dir/Core/Src/spi.c.obj
 .debug_frame   0x000001a8       0x28 CMakeFiles/HzMF_FOC_F103_MT6701.elf.dir/Core/Src/stm32f1xx_hal_msp.c.obj
 .debug_frame   0x000001d0       0xa8 CMakeFiles/HzMF_FOC_F103_MT6701.elf.dir/Core/Src/stm32f1xx_it.c.obj
 .debug_frame   0x00000278       0x30 CMakeFiles/HzMF_FOC_F103_MT6701.elf.dir/Core/Src/system_stm32f1xx.c.obj
 .debug_frame   0x000002a8      0x1cc CMakeFiles/HzMF_FOC_F103_MT6701.elf.dir/Drivers/STM32F1xx_HAL_Driver/Src/stm32f1xx_hal.c.obj
 .debug_frame   0x00000474      0x2d4 CMakeFiles/HzMF_FOC_F103_MT6701.elf.dir/Drivers/STM32F1xx_HAL_Driver/Src/stm32f1xx_hal_can.c.obj
 .debug_frame   0x00000748      0x19c CMakeFiles/HzMF_FOC_F103_MT6701.elf.dir/Drivers/STM32F1xx_HAL_Driver/Src/stm32f1xx_hal_cortex.c.obj
 .debug_frame   0x000008e4       0xe4 CMakeFiles/HzMF_FOC_F103_MT6701.elf.dir/Drivers/STM32F1xx_HAL_Driver/Src/stm32f1xx_hal_gpio.c.obj
 .debug_frame   0x000009c8      0x988 CMakeFiles/HzMF_FOC_F103_MT6701.elf.dir/Drivers/STM32F1xx_HAL_Driver/Src/stm32f1xx_hal_i2c.c.obj
 .debug_frame   0x00001350      0x184 CMakeFiles/HzMF_FOC_F103_MT6701.elf.dir/Drivers/STM32F1xx_HAL_Driver/Src/stm32f1xx_hal_rcc.c.obj
 .debug_frame   0x000014d4      0x5c8 CMakeFiles/HzMF_FOC_F103_MT6701.elf.dir/Drivers/STM32F1xx_HAL_Driver/Src/stm32f1xx_hal_spi.c.obj
 .debug_frame   0x00001a9c       0x2c C:/Programs/STM32CubeMX/arm-gnu-toolchain-13.3.rel1-mingw-w64-i686-arm-none-eabi/bin/../lib/gcc/arm-none-eabi/13.3.1/thumb/v7-m/nofp\libg.a(libc_a-memset.o)
 .debug_frame   0x00001ac8       0x2c C:/Programs/STM32CubeMX/arm-gnu-toolchain-13.3.rel1-mingw-w64-i686-arm-none-eabi/bin/../lib/gcc/arm-none-eabi/13.3.1/thumb/v7-m/nofp\libg.a(libc_a-init.o)
 .debug_frame   0x00001af4       0xb0 C:/Programs/STM32CubeMX/arm-gnu-toolchain-13.3.rel1-mingw-w64-i686-arm-none-eabi/bin/../lib/gcc/arm-none-eabi/13.3.1/thumb/v7-m/nofp\libg.a(libc_a-lock.o)
 .debug_frame   0x00001ba4       0x5c C:/Programs/STM32CubeMX/arm-gnu-toolchain-13.3.rel1-mingw-w64-i686-arm-none-eabi/bin/../lib/gcc/arm-none-eabi/13.3.1/thumb/v7-m/nofp\libg.a(libc_a-__call_atexit.o)
 .debug_frame   0x00001c00       0x20 C:/Programs/STM32CubeMX/arm-gnu-toolchain-13.3.rel1-mingw-w64-i686-arm-none-eabi/bin/../lib/gcc/arm-none-eabi/13.3.1/thumb/v7-m/nofp\libg.a(libc_a-atexit.o)
 .debug_frame   0x00001c20       0x34 C:/Programs/STM32CubeMX/arm-gnu-toolchain-13.3.rel1-mingw-w64-i686-arm-none-eabi/bin/../lib/gcc/arm-none-eabi/13.3.1/thumb/v7-m/nofp\libg.a(libc_a-fini.o)
 .debug_frame   0x00001c54       0x34 C:/Programs/STM32CubeMX/arm-gnu-toolchain-13.3.rel1-mingw-w64-i686-arm-none-eabi/bin/../lib/gcc/arm-none-eabi/13.3.1/thumb/v7-m/nofp\libg.a(libc_a-__atexit.o)

.debug_line_str
                0x00000000       0xcf
 .debug_line_str
                0x00000000       0xcf CMakeFiles/HzMF_FOC_F103_MT6701.elf.dir/Core/Startup/startup_stm32f103cbtx.s.obj
